# serializer version: 1
# name: test_project_and_sidecar_json_match_snapshot
  dict({
    'openshot': dict({
      'clips': list([
        dict({
          'duration': 2.5,
          'file_id': 'file-001',
          'gravity': 4,
          'id': 'clip-001',
          'layer': 1000000,
          'metadata': dict({
            'clip_boundary': 'cut',
            'review_state': 'accepted',
            'shot_id': 'S01_SH001',
            'transition_after': 'cut',
            'transition_description': 'Hold first look.',
          }),
          'position': 0.0,
          'reader_type': 'FFmpegReader',
          'scale': 1,
          'volume': 0.0,
        }),
        dict({
          'duration': 3.25,
          'file_id': 'file-002',
          'gravity': 4,
          'id': 'clip-002',
          'layer': 1000000,
          'metadata': dict({
            'clip_boundary': 'dissolve',
            'review_state': 'approved',
            'shot_id': 'S01_SH002',
            'transition_after': 'dissolve',
            'transition_description': 'Match movement.',
          }),
          'position': 2.5,
          'reader_type': 'FFmpegReader',
          'scale': 1,
          'volume': 1.0,
        }),
        dict({
          'duration': 1.75,
          'file_id': 'file-003',
          'gravity': 4,
          'id': 'clip-003',
          'layer': 1000000,
          'metadata': dict({
            'clip_boundary': 'cut',
            'review_state': 'final',
            'shot_id': 'S01_SH003',
            'transition_after': 'cut',
            'transition_description': 'End on object.',
          }),
          'position': 5.75,
          'reader_type': 'FFmpegReader',
          'scale': 1,
          'volume': 1.0,
        }),
      ]),
      'files': list([
        dict({
          'duration': 2.5,
          'id': 'file-001',
          'path': '../clips/s01_sh001_take2.mp4',
          'type': 'FFmpegReader',
        }),
        dict({
          'duration': 3.25,
          'id': 'file-002',
          'path': '../clips/s01_sh002_take1.mp4',
          'type': 'FFmpegReader',
        }),
        dict({
          'duration': 1.75,
          'id': 'file-003',
          'path': '../clips/s01_sh003_take3.mp4',
          'type': 'FFmpegReader',
        }),
      ]),
      'height': 1080,
      'id': 'c860409794d453c3',
      'layers': list([
        dict({
          'id': 'L1',
          'label': 'Generated Video',
          'lock': False,
          'number': 1000000,
          'y': 0,
        }),
      ]),
      'width': 1920,
    }),
    'sidecar': dict({
      'clips': list([
        dict({
          'actual_file_size': '10 KiB',
          'actual_resolution': '1344x768',
          'audio_generation_prefs': dict({
            'forced_generated_audio': True,
            'mute_generated_audio': True,
          }),
          'baked_frame_refs': list([
          ]),
          'clip_boundary': 'cut',
          'continuity_flags': list([
            'eyeline',
            'wardrobe',
          ]),
          'duration_seconds_effective': '2.5',
          'end_frame_path': '',
          'generation_strategy': '',
          'job_ids': list([
            'job-001',
          ]),
          'order_index': 1,
          'position_seconds': '0',
          'prompt_file': 'prompts/S01_SH001.md',
          'prompt_hash': 'hash-001',
          'recommended_model': 'kling-3',
          'required_refs': list([
          ]),
          'review_state': 'accepted',
          'scene_id': 'S01',
          'shot_id': 'S01_SH001',
          'source_clip_path': 'generated/clips/s01_sh001_take2.mp4',
          'start_frame_path': '',
          'subclip_id': 'A',
          'take_id': 'take-2',
          'transition_description': 'Hold first look.',
          'transition_duration': '0',
          'transition_type': 'cut',
        }),
        dict({
          'actual_file_size': '10 KiB',
          'actual_resolution': '1344x768',
          'audio_generation_prefs': dict({
            'forced_generated_audio': False,
            'mute_generated_audio': False,
          }),
          'baked_frame_refs': list([
          ]),
          'clip_boundary': 'dissolve',
          'continuity_flags': list([
            'eyeline',
          ]),
          'duration_seconds_effective': '3.25',
          'end_frame_path': '',
          'generation_strategy': '',
          'job_ids': list([
            'job-002',
          ]),
          'order_index': 2,
          'position_seconds': '2.5',
          'prompt_file': 'prompts/S01_SH002.md',
          'prompt_hash': 'hash-002',
          'recommended_model': 'seedance-2',
          'required_refs': list([
          ]),
          'review_state': 'approved',
          'scene_id': 'S01',
          'shot_id': 'S01_SH002',
          'source_clip_path': 'generated/clips/s01_sh002_take1.mp4',
          'start_frame_path': '',
          'subclip_id': 'A',
          'take_id': 'take-1',
          'transition_description': 'Match movement.',
          'transition_duration': '0.5',
          'transition_type': 'dissolve',
        }),
        dict({
          'actual_file_size': '10 KiB',
          'actual_resolution': '1344x768',
          'audio_generation_prefs': dict({
            'forced_generated_audio': False,
            'mute_generated_audio': False,
          }),
          'baked_frame_refs': list([
          ]),
          'clip_boundary': 'cut',
          'continuity_flags': list([
            'prop reset',
          ]),
          'duration_seconds_effective': '1.75',
          'end_frame_path': '',
          'generation_strategy': '',
          'job_ids': list([
            'job-003',
          ]),
          'order_index': 3,
          'position_seconds': '5.75',
          'prompt_file': 'prompts/S01_SH003.md',
          'prompt_hash': 'hash-003',
          'recommended_model': 'kling-3',
          'required_refs': list([
          ]),
          'review_state': 'final',
          'scene_id': 'S01',
          'shot_id': 'S01_SH003',
          'source_clip_path': 'generated/clips/s01_sh003_take3.mp4',
          'start_frame_path': '',
          'subclip_id': 'B',
          'take_id': 'take-3',
          'transition_description': 'End on object.',
          'transition_duration': '0',
          'transition_type': 'cut',
        }),
      ]),
      'project_id': 'c860409794d453c3',
      'project_name': 'snapshot-story',
      'source_assembly_order': 'generated/assembly_order.md',
      'source_generation_log': 'generated/generation_log.md',
      'source_manifest': 'prompts/manifest.md',
    }),
  })
# ---
